I'm sorry, but errors were detected in your script. Please correct the
errors listed below, and try again.


File "game/script_Theo.rpy", line 422: choice menuitem expects a non-empty block.
    "the Fly agaric mushroom":
                              ^

Ren'Py Version: Ren'Py 8.1.3.23091805
Sun Dec 10 11:30:46 2023
